
> d7-technology@0.1.0 build
> next build

   Creating an optimized production build...
 ✓ Compiled successfully
   Skipping linting
   Checking validity of types...
   Collecting page data...
npm : PageNotFoundError: Cannot find module for page: /[locale]/projects/advisor
At line:1 char:134
+ ... ontinue ; $env:NEXT_TELEMETRY_DISABLED=1 ; npm run build 2>&1 | Tee-O ...
+                                                ~~~~~~~~~~~~~~~~~~
    + CategoryInfo          : NotSpecified: (PageNotFoundErr...rojects/advisor:String) [], RemoteException
    + FullyQualifiedErrorId : NativeCommandError
 
    at getPagePath (C:\active_projects\D7_tech\node_modules\next\dist\server\require.js:94:15)
    at requirePage (C:\active_projects\D7_tech\node_modules\next\dist\server\require.js:99:22)
    at C:\active_projects\D7_tech\node_modules\next\dist\server\load-components.js:59:84
    at process.processTicksAndRejections (node:internal/process/task_queues:95:5)
    at async loadComponentsImpl (C:\active_projects\D7_tech\node_modules\next\dist\server\load-components.js:59:26)
    at async C:\active_projects\D7_tech\node_modules\next\dist\build\utils.js:1045:32
    at async Span.traceAsyncFn (C:\active_projects\D7_tech\node_modules\next\dist\trace\trace.js:105:20) {
  code: 'ENOENT'
}

> Build error occurred
Error: Failed to collect page data for /[locale]/projects/advisor
    at C:\active_projects\D7_tech\node_modules\next\dist\build\utils.js:1195:15
    at process.processTicksAndRejections (node:internal/process/task_queues:95:5) {
  type: 'Error'
}
